error: this if statement can be collapsed
  --> $DIR/collapsible_if.rs:15:5
   |
LL | /     if x == "hello" {
LL | |         if y == "world" {
LL | |             println!("Hello world!");
LL | |         }
LL | |     }
   | |_____^
   |
   = note: #[forbid(simple_pattern)] on by default

error: this if statement can be collapsed
  --> $DIR/collapsible_if.rs:21:5
   |
LL | /     if x == "hello" || x == "world" {
LL | |         if y == "world" || y == "hello" {
LL | |             println!("Hello world!");
LL | |         }
LL | |     }
   | |_____^

error: this if statement can be collapsed
  --> $DIR/collapsible_if.rs:27:5
   |
LL | /     if x == "hello" && x == "world" {
LL | |         if y == "world" || y == "hello" {
LL | |             println!("Hello world!");
LL | |         }
LL | |     }
   | |_____^

error: this if statement can be collapsed
  --> $DIR/collapsible_if.rs:33:5
   |
LL | /     if x == "hello" || x == "world" {
LL | |         if y == "world" && y == "hello" {
LL | |             println!("Hello world!");
LL | |         }
LL | |     }
   | |_____^

error: this if statement can be collapsed
  --> $DIR/collapsible_if.rs:39:5
   |
LL | /     if x == "hello" && x == "world" {
LL | |         if y == "world" && y == "hello" {
LL | |             println!("Hello world!");
LL | |         }
LL | |     }
   | |_____^

error: this if statement can be collapsed
  --> $DIR/collapsible_if.rs:45:5
   |
LL | /     if 42 == 1337 {
LL | |         if 'a' != 'A' {
LL | |             println!("world!")
LL | |         }
LL | |     }
   | |_____^

error: this `else { if .. }` block can be collapsed
  --> $DIR/collapsible_if.rs:54:12
   |
LL |       } else {
   |  ____________^
LL | |         if y == "world" {
LL | |             println!("world!")
LL | |         }
LL | |     }
   | |_____^

error: this `else { if .. }` block can be collapsed
  --> $DIR/collapsible_if.rs:62:12
   |
LL |       } else {
   |  ____________^
LL | |         if let Some(42) = Some(42) {
LL | |             println!("world!")
LL | |         }
LL | |     }
   | |_____^

error: this `else { if .. }` block can be collapsed
  --> $DIR/collapsible_if.rs:70:12
   |
LL |       } else {
   |  ____________^
LL | |         if y == "world" {
LL | |             println!("world")
LL | |         }
...  |
LL | |         }
LL | |     }
   | |_____^

error: this `else { if .. }` block can be collapsed
  --> $DIR/collapsible_if.rs:81:12
   |
LL |       } else {
   |  ____________^
LL | |         if let Some(42) = Some(42) {
LL | |             println!("world")
LL | |         }
...  |
LL | |         }
LL | |     }
   | |_____^

error: this `else { if .. }` block can be collapsed
  --> $DIR/collapsible_if.rs:92:12
   |
LL |       } else {
   |  ____________^
LL | |         if let Some(42) = Some(42) {
LL | |             println!("world")
LL | |         }
...  |
LL | |         }
LL | |     }
   | |_____^

error: this `else { if .. }` block can be collapsed
  --> $DIR/collapsible_if.rs:103:12
   |
LL |       } else {
   |  ____________^
LL | |         if x == "hello" {
LL | |             println!("world")
LL | |         }
...  |
LL | |         }
LL | |     }
   | |_____^

error: this `else { if .. }` block can be collapsed
  --> $DIR/collapsible_if.rs:114:12
   |
LL |       } else {
   |  ____________^
LL | |         if let Some(42) = Some(42) {
LL | |             println!("world")
LL | |         }
...  |
LL | |         }
LL | |     }
   | |_____^

error: aborting due to 13 previous errors

