error: This is a match for a simple pattern. Well Done!
  --> $DIR/simple_pattern.rs:6:9
   |
LL |     if (false) {
   |         ^^^^^
   |
   = note: #[forbid(simple_pattern)] on by default

error: This is a match for a simple pattern. Well Done!
  --> $DIR/simple_pattern.rs:10:13
   |
LL |     let a = ['b', 'c'];
   |             ^^^^^^^^^^

error: This is a match for a simple pattern. Well Done!
  --> $DIR/simple_pattern.rs:11:13
   |
LL |     let b = ['b', 'b', 'c'];
   |             ^^^^^^^^^^^^^^^

error: This is a match for a simple pattern. Well Done!
  --> $DIR/simple_pattern.rs:18:13
   |
LL |       let y = if true {
   |  _____________^
LL | |         123
LL | |     } else {
LL | |         456
LL | |     };
   | |_____^

error: This is a match for a simple pattern. Well Done!
  --> $DIR/simple_pattern.rs:23:5
   |
LL | /     if true {
LL | |         true;
LL | |     }
   | |_____^

error: aborting due to 5 previous errors

